FAIL src/pages/AuditLog.test.js
  ● Test suite failed to run
    Cannot find module './AuditLog' from 'src/pages/AuditLog.test.js'
    However, Jest was able to find:
        './AuditLog.test.js'
    You might want to include a file extension in your import, or update your
    'moduleFileExtensions', which is currently
    ['web.js', 'js', 'web.ts', 'ts', 'web.tsx', 'tsx', 'json', 'web.jsx', 'jsx', 'node'].
    See https://jestjs.io/docs/configuration#modulefileextensions-arraystring

      4 | import { render, screen, waitFor, act, fireEvent } from "@testing-library/react";
      5 | import userEvent from "@testing-library/user-event";
    > 6 | import AuditLog from "./AuditLog";
          | ^
      7 | import Sidebar from "../components/Sidebar";
      8 | import { apiFetch, apiFetchBlob } from "../utils/apiClient";
      9 |

      at Resolver.resolveModule (node_modules/jest-resolve/build/resolver.js:324:11)
      at Object.<anonymous> (src/pages/AuditLog.test.js:6:1)
      at TestScheduler.scheduleTests (node_modules/@jest/core/build/TestScheduler.js:333:13)
      at runJest (node_modules/@jest/core/build/runJest.js:404:19)
      at _run10000 (node_modules/@jest/core/build/cli/index.js:320:7)
      at runCLI (node_modules/@jest/core/build/cli/index.js:173:3)

Test Suites: 1 failed, 1 total
Tests:       0 total
Snapshots:   0 total
Time:        12.369s

Notes: Suite-level failure (module not found) — AuditLog.js does not exist yet.
All 19 test cases (TC-001..TC-019) are blocked from running, confirming RED state.
Implementation not started as of this capture.
